// Jest Snapshot v1, https://goo.gl/fbAQLP

exports[`<ProductTileCashback /> renders ProductTileCashback 1`] = `
<div
  className="mfui-product-tile-cashback"
>
  <span
    className="mfui-product-tile-cashback__text"
  >
    Кэшбэк
     
    23
     
    %
  </span>
</div>
`;
