// Jest Snapshot v1, https://goo.gl/fbAQLP

exports[`<ProductTilePrice /> renders ProductTilePrice 1`] = `
<div
  className="mfui-product-tile-price"
>
  <div
    className="mfui-product-tile-price__discount-condition"
  >
    Новым абонентам 1000 ₽ на счёт
  </div>
  <span
    className="mfui-product-tile-price__old-price"
  >
    <span
      className="mfui-product-tile-price__old-price-value"
    >
       
    </span>
  </span>
  <span
    className="mfui-product-tile-price__actual-price"
  >
    <ProductTileValue
      value="1500 за 30 дней"
    />
     
    <span
      className="mfui-product-tile-price__payment-period"
    >
      ₽
    </span>
  </span>
</div>
`;

exports[`<ProductTilePrice /> renders ProductTilePrice with discount 1`] = `
<div
  className="mfui-product-tile-price mfui-product-tile-price_discount"
>
  <div
    className="mfui-product-tile-price__discount-condition"
  >
    Новым абонентам 1000 ₽ на счёт
  </div>
  <span
    className="mfui-product-tile-price__old-price"
  >
    <span
      className="mfui-product-tile-price__old-price-value"
    >
      1500 за 30 дней
    </span>
  </span>
  <span
    className="mfui-product-tile-price__actual-price"
  >
    <ProductTileValue
      value="1000 за 30 дней"
    />
     
    <span
      className="mfui-product-tile-price__payment-period"
    >
      ₽
    </span>
  </span>
</div>
`;
